[codeboxr.net/themedemo/unialumni/html/index.html]
[backblue.gif]
[fade.gif]
[index.html]
[codeboxr.net/themedemo/unialumni/html/assets/img/twittercardimg/twittercard-144-144.png]
[codeboxr.net/themedemo/unialumni/html/assets/img/opengraph/fbphoto-476-476.png]
[codeboxr.net/themedemo/unialumni/html/assets/img/favicon/ms-icon-144x144.png]
[codeboxr.net/themedemo/unialumni/html/assets/img/favicon/favicon.ico]
[codeboxr.net/themedemo/unialumni/html/assets/img/favicon/apple-icon-57x57.png]
[codeboxr.net/themedemo/unialumni/html/assets/img/favicon/apple-icon-60x60.png]
[codeboxr.net/themedemo/unialumni/html/assets/img/favicon/apple-icon-72x72.png]
[codeboxr.net/themedemo/unialumni/html/assets/img/favicon/apple-icon-76x76.png]
[codeboxr.net/themedemo/unialumni/html/assets/img/favicon/apple-icon-114x114.png]
[codeboxr.net/themedemo/unialumni/html/assets/img/favicon/apple-icon-120x120.png]
[codeboxr.net/themedemo/unialumni/html/assets/img/favicon/apple-icon-144x144.png]
[codeboxr.net/themedemo/unialumni/html/assets/img/favicon/apple-icon-152x152.png]
[codeboxr.net/themedemo/unialumni/html/assets/img/favicon/apple-icon-180x180.png]
[codeboxr.net/themedemo/unialumni/html/assets/img/favicon/android-icon-192x192.png]
[codeboxr.net/themedemo/unialumni/html/assets/img/favicon/favicon-32x32.png]
[codeboxr.net/themedemo/unialumni/html/assets/img/favicon/favicon-96x96.png]
[codeboxr.net/themedemo/unialumni/html/assets/img/favicon/favicon-16x16.png]
[codeboxr.net/themedemo/unialumni/html/assets/img/favicon/manifest.json]
[codeboxr.net/themedemo/unialumni/html/assets/img/favicon.ico]
[codeboxr.net/themedemo/unialumni/html/assets/vendor/bootstrap/css/bootstrap.min.css]
[codeboxr.net/themedemo/unialumni/html/assets/vendor/navbar/bootstrap-4-navbar.css]
[codeboxr.net/themedemo/unialumni/html/assets/vendor/animate/animate.css]
[codeboxr.net/themedemo/unialumni/html/assets/vendor/fontawesome/css/font-awesome.min.css]
[codeboxr.net/themedemo/unialumni/html/assets/vendor/owl-carousel/owl.carousel.css]
[codeboxr.net/themedemo/unialumni/html/assets/vendor/magnific/magnific-popup.css]
[codeboxr.net/themedemo/unialumni/html/assets/vendor/nice-select/nice-select.css]
[codeboxr.net/themedemo/unialumni/html/assets/vendor/js-offcanvas/css/js-offcanvas.css]
[codeboxr.net/themedemo/unialumni/html/assets/vendor/modernizr/modernizr-custom.js]
[codeboxr.net/themedemo/unialumni/html/assets/css/style-default.min.css]
[codeboxr.net/themedemo/unialumni/html/register.html]
[codeboxr.net/themedemo/unialumni/html/index-2.html]
[codeboxr.net/themedemo/unialumni/html/assets/img/logo.png]
[codeboxr.net/themedemo/unialumni/html/about.html]
[codeboxr.net/themedemo/unialumni/html/event.html]
[codeboxr.net/themedemo/unialumni/html/gallery.html]
[codeboxr.net/themedemo/unialumni/html/blog.html]
[codeboxr.net/themedemo/unialumni/html/single-blog.html]
[codeboxr.net/themedemo/unialumni/html/single-blog-leftsidebar.html]
[codeboxr.net/themedemo/unialumni/html/single-blog-withoutsidebar.html]
[codeboxr.net/themedemo/unialumni/html/single-album.html]
[codeboxr.net/themedemo/unialumni/html/committee.html]
[codeboxr.net/themedemo/unialumni/html/directory.html]
[codeboxr.net/themedemo/unialumni/html/career.html]
[codeboxr.net/themedemo/unialumni/html/index-offcanvas.html]
[codeboxr.net/themedemo/unialumni/html/typography.html]
[codeboxr.net/themedemo/unialumni/html/contact.html]
[codeboxr.net/themedemo/unialumni/html/assets/img/event/event-img-1.jpg]
[codeboxr.net/themedemo/unialumni/html/single-event.html]
[codeboxr.net/themedemo/unialumni/html/assets/img/event/event-img-2.jpg]
[codeboxr.net/themedemo/unialumni/html/assets/img/event/event-img-3.jpg]
[codeboxr.net/themedemo/unialumni/html/assets/img/about-bg.jpg]
[codeboxr.net/themedemo/unialumni/html/assets/img/responsibility/01.png]
[codeboxr.net/themedemo/unialumni/html/assets/img/responsibility/02.png]
[codeboxr.net/themedemo/unialumni/html/assets/img/responsibility/03.png]
[codeboxr.net/themedemo/unialumni/html/assets/img/responsibility/04.png]
[codeboxr.net/themedemo/unialumni/html/assets/img/fun-fact/user.svg]
[codeboxr.net/themedemo/unialumni/html/assets/img/fun-fact/picture.svg]
[codeboxr.net/themedemo/unialumni/html/assets/img/fun-fact/event.svg]
[codeboxr.net/themedemo/unialumni/html/assets/img/fun-fact/medal.svg]
[codeboxr.net/themedemo/unialumni/html/assets/img/job/compnay-logo-1.png]
[codeboxr.net/themedemo/unialumni/html/assets/img/job/compnay-logo-2.png]
[codeboxr.net/themedemo/unialumni/html/assets/img/job/compnay-logo-3.png]
[codeboxr.net/themedemo/unialumni/html/assets/img/job/compnay-logo-4.png]
[codeboxr.net/themedemo/unialumni/html/assets/img/gallery/gellary-img-1.jpg]
[codeboxr.net/themedemo/unialumni/html/assets/img/zoom-icon.png]
[codeboxr.net/themedemo/unialumni/html/assets/img/gallery/gellary-img-3.jpg]
[codeboxr.net/themedemo/unialumni/html/assets/img/gallery/gellary-img-4.jpg]
[codeboxr.net/themedemo/unialumni/html/assets/img/gallery/gellary-img-5.jpg]
[codeboxr.net/themedemo/unialumni/html/assets/img/gallery/gellary-img-6.jpg]
[codeboxr.net/themedemo/unialumni/html/assets/img/gallery/gellary-img-8.jpg]
[codeboxr.net/themedemo/unialumni/html/assets/img/blog/blog-1.jpg]
[codeboxr.net/themedemo/unialumni/html/assets/img/blog/author.jpg]
[codeboxr.net/themedemo/unialumni/html/assets/img/blog/blog-2.jpg]
[codeboxr.net/themedemo/unialumni/html/assets/img/blog/blog-3.jpg]
[codeboxr.net/themedemo/unialumni/html/assets/img/footer-logo.png]
[codeboxr.net/themedemo/unialumni/html/assets/vendor/jquery/jquery-3.3.1.min.js]
[codeboxr.net/themedemo/unialumni/html/assets/vendor/bootstrap/js/popper.min.js]
[codeboxr.net/themedemo/unialumni/html/assets/vendor/bootstrap/js/bootstrap.min.js]
[codeboxr.net/themedemo/unialumni/html/assets/vendor/navbar/bootstrap-4-navbar.js]
[codeboxr.net/themedemo/unialumni/html/assets/vendor/owl-carousel/owl.carousel.min.js]
[codeboxr.net/themedemo/unialumni/html/assets/vendor/waypoint/waypoints.min.js]
[codeboxr.net/themedemo/unialumni/html/assets/vendor/counterup/jquery.counterup.min.js]
[codeboxr.net/themedemo/unialumni/html/assets/vendor/isotope/isotope.pkgd.min.js]
[codeboxr.net/themedemo/unialumni/html/assets/vendor/magnific/jquery.magnific-popup.min.js]
[codeboxr.net/themedemo/unialumni/html/assets/vendor/smooth-scroll/jquery.smooth-scroll.min.js]
[codeboxr.net/themedemo/unialumni/html/assets/vendor/jquery-easing/jquery.easing.1.3.min.js]
[codeboxr.net/themedemo/unialumni/html/assets/vendor/nice-select/jquery.nice-select.js]
[codeboxr.net/themedemo/unialumni/html/assets/vendor/validation/jquery.validate.min.js]
[codeboxr.net/themedemo/unialumni/html/assets/vendor/validation/additional-methods.min.js]
[codeboxr.net/themedemo/unialumni/html/assets/vendor/js-offcanvas/js/js-offcanvas.pkgd.min.js]
[codeboxr.net/themedemo/unialumni/html/assets/vendor/jquery.countdown/jquery.countdown.min.js]
[codeboxr.net/themedemo/unialumni/html/assets/js/theme.min.js]
[codeboxr.net/themedemo/unialumni/html/assets/js/custom.js]
[codeboxr.net/themedemo/unialumni/html/assets/switcher/switcher.js]
[codeboxr.net/themedemo/unialumni/html/index.html]
[codeboxr.net/themedemo/unialumni/html/assets/vendor/bootstrap/css/bootstrap.min.css]
[codeboxr.net/themedemo/unialumni/html/assets/vendor/navbar/bootstrap-4-navbar.css]
[codeboxr.net/themedemo/unialumni/html/assets/vendor/animate/animate.css]
[codeboxr.net/themedemo/unialumni/html/assets/vendor/fontawesome/fonts/fontawesome-webfont3e6e.eot]
[codeboxr.net/themedemo/unialumni/html/assets/vendor/fontawesome/fonts/fontawesome-webfontd41d.eot]
[codeboxr.net/themedemo/unialumni/html/assets/vendor/fontawesome/fonts/fontawesome-webfont3e6e.woff2]
[codeboxr.net/themedemo/unialumni/html/assets/vendor/fontawesome/fonts/fontawesome-webfont3e6e.woff]
[codeboxr.net/themedemo/unialumni/html/assets/vendor/fontawesome/fonts/fontawesome-webfont3e6e.ttf]
[codeboxr.net/themedemo/unialumni/html/assets/vendor/fontawesome/css/font-awesome.min.css]
[codeboxr.net/themedemo/unialumni/html/assets/vendor/owl-carousel/owl.carousel.css]
[codeboxr.net/themedemo/unialumni/html/assets/vendor/magnific/magnific-popup.css]
[codeboxr.net/themedemo/unialumni/html/assets/vendor/nice-select/nice-select.css]
[codeboxr.net/themedemo/unialumni/html/assets/vendor/js-offcanvas/css/js-offcanvas.css]
[codeboxr.net/themedemo/unialumni/html/assets/img/slider/slider-img-1.jpg]
[codeboxr.net/themedemo/unialumni/html/assets/vendor/fontawesome/fonts/fontawesome-webfont3e6e.svg]
[codeboxr.net/themedemo/unialumni/html/assets/img/slider/slider-img-2.jpg]
[codeboxr.net/themedemo/unialumni/html/assets/img/slider/slider-img-3.jpg]
[codeboxr.net/themedemo/unialumni/html/assets/img/gallery/gellary-img-2.jpg]
[codeboxr.net/themedemo/unialumni/html/assets/img/gallery/gellary-img-7.jpg]
[codeboxr.net/themedemo/unialumni/html/assets/img/scholership.png]
[codeboxr.net/themedemo/unialumni/html/assets/img/page-title.jpg]
[codeboxr.net/themedemo/unialumni/html/assets/img/about-page/quote.png]
[codeboxr.net/themedemo/unialumni/html/assets/css/style-default.min.css]
[codeboxr.net/themedemo/unialumni/html/register.html]
[codeboxr.net/themedemo/unialumni/html/index-2.html]
[codeboxr.net/themedemo/unialumni/html/assets/img/about-page/about-img-1.jpg]
[codeboxr.net/themedemo/unialumni/html/assets/img/about-page/about-img-2.jpg]
[codeboxr.net/themedemo/unialumni/html/assets/img/about-page/about-img-3.jpg]
[codeboxr.net/themedemo/unialumni/html/assets/img/committee/commitee-1.jpg]
[codeboxr.net/themedemo/unialumni/html/assets/img/committee/commitee-2.jpg]
[codeboxr.net/themedemo/unialumni/html/assets/img/committee/commitee-3.jpg]
[codeboxr.net/themedemo/unialumni/html/assets/img/committee/commitee-5.jpg]
[codeboxr.net/themedemo/unialumni/html/assets/img/committee/commitee-6.jpg]
[codeboxr.net/themedemo/unialumni/html/assets/img/committee/commitee-7.jpg]
[codeboxr.net/themedemo/unialumni/html/assets/img/committee/commitee-8.jpg]
[codeboxr.net/themedemo/unialumni/html/assets/img/testimonial/testi-3.png]
[codeboxr.net/themedemo/unialumni/html/assets/img/testimonial/testi-1.png]
[codeboxr.net/themedemo/unialumni/html/assets/img/testimonial/testi-2.png]
[codeboxr.net/themedemo/unialumni/html/about.html]
[codeboxr.net/themedemo/unialumni/html/assets/img/event/event-img-4.jpg]
[codeboxr.net/themedemo/unialumni/html/event.html]
[codeboxr.net/themedemo/unialumni/html/gallery.html]
[codeboxr.net/themedemo/unialumni/html/assets/img/blog/blog-5.jpg]
[codeboxr.net/themedemo/unialumni/html/assets/img/blog/blog-6.jpg]
[codeboxr.net/themedemo/unialumni/html/blog.html]
[codeboxr.net/themedemo/unialumni/html/assets/img/blog/single-blog.jpg]
[codeboxr.net/themedemo/unialumni/html/single-blog.html]
[codeboxr.net/themedemo/unialumni/html/single-blog-leftsidebar.html]
[codeboxr.net/themedemo/unialumni/html/single-blog-withoutsidebar.html]
[codeboxr.net/themedemo/unialumni/html/single-album.html]
[codeboxr.net/themedemo/unialumni/html/assets/img/committee/commitee-4.jpg]
[codeboxr.net/themedemo/unialumni/html/committee.html]
[codeboxr.net/themedemo/unialumni/html/directory.html]
[codeboxr.net/themedemo/unialumni/html/assets/img/careerbg.png]
[codeboxr.net/themedemo/unialumni/html/career.html]
[codeboxr.net/themedemo/unialumni/html/index-offcanvas.html]
[codeboxr.net/themedemo/unialumni/html/typography.html]
[codeboxr.net/themedemo/unialumni/html/contact.html]
[codeboxr.net/themedemo/unialumni/html/single-event.html]
[codeboxr.net/themedemo/unialumni/html/assets/img/fun-fact/user.svg]
[codeboxr.net/themedemo/unialumni/html/assets/img/fun-fact/picture.svg]
[codeboxr.net/themedemo/unialumni/html/assets/img/fun-fact/event.svg]
[codeboxr.net/themedemo/unialumni/html/assets/img/fun-fact/medal.svg]
[codeboxr.net/themedemo/unialumni/html/assets/vendor/fontawesome/fonts/fontawesome-webfont3e6e.svg]
[codeboxr.net/themedemo/unialumni/html/assets/vendor/owl-carousel/owl.video.play.html]
